
R version 4.4.1 (2024-06-14) -- "Race for Your Life"
Copyright (C) 2024 The R Foundation for Statistical Computing
Platform: x86_64-apple-darwin20

R is free software and comes with ABSOLUTELY NO WARRANTY.
You are welcome to redistribute it under certain conditions.
Type 'license()' or 'licence()' for distribution details.

  Natural language support but running in an English locale

R is a collaborative project with many contributors.
Type 'contributors()' for more information and
'citation()' on how to cite R or R packages in publications.

Type 'demo()' for some demos, 'help()' for on-line help, or
'help.start()' for an HTML browser interface to help.
Type 'q()' to quit R.

[R.app GUI 1.80 (8416) x86_64-apple-darwin20]

[Workspace restored from /Users/zariaduckett/.RData]
[History restored from /Users/zariaduckett/.Rapp.history]

> library (ggpubr)
Loading required package: ggplot2
> load sample dummy dataset 
Error: unexpected symbol in "load sample"
> # load sample dummy dataset 
> my_data <-mtcars 
> # hypothesis testing: Weight of car is inverely proportional to the mpg 
> head (my_data)
                   mpg cyl disp  hp drat    wt  qsec vs am gear carb
Mazda RX4         21.0   6  160 110 3.90 2.620 16.46  0  1    4    4
Mazda RX4 Wag     21.0   6  160 110 3.90 2.875 17.02  0  1    4    4
Datsun 710        22.8   4  108  93 3.85 2.320 18.61  1  1    4    1
Hornet 4 Drive    21.4   6  258 110 3.08 3.215 19.44  1  0    3    1
Hornet Sportabout 18.7   8  360 175 3.15 3.440 17.02  0  0    3    2
Valiant           18.1   6  225 105 2.76 3.460 20.22  1  0    3    1
> #apply the correlation test to your hypothesis 
> res <- cor.test (my_data$wt, my_data$mpg, method= "pearson")
> res

	Pearson's product-moment correlation

data:  my_data$wt and my_data$mpg
t = -9.559, df = 30, p-value = 1.294e-10
alternative hypothesis: true correlation is not equal to 0
95 percent confidence interval:
 -0.9338264 -0.7440872
sample estimates:
       cor 
-0.8676594 

> library(dplyr)

Attaching package: ‘dplyr’

The following objects are masked from ‘package:stats’:

    filter, lag

The following objects are masked from ‘package:base’:

    intersect, setdiff, setequal, union

> # Author: Zaria, Date: September 20,2024, Purpose Calculate ANOVA analysis 
> library (dplyr)
> #Hypothesis: Treatment type B is the most effective treatment on posion type 1  1- Alternate hypothesis 
> Null: There is no significant defference between treatment types.
Error: unexpected symbol in "Null: There is"
> #read your sample database for the the test 
> 
> #Hypothesis: Treatment type B is the most effective treatment on posion type 1  1- Alternate hypothesis 
> > #Null: There is no significant defference between treatment types.
Error: unexpected '>' in ">"
> 
> #read your sample database for the the test 
> #Hypothesis: Treatment type B is the most effective treatment on posion type 1  1- Alternate hypothesis 
> > > #Null: There is no significant defference between treatment types.
Error: unexpected '>' in ">"
> 
> 
> PATH <- "https://raw.githubusercontent.com/guru99-edu/R-Programming/master/poisons.csv" 
> df <- read.csv(PATH) 
> head (df)
  X time poison treat
1 1 0.31      1     A
2 2 0.45      1     A
3 3 0.46      1     A
4 4 0.43      1     A
5 5 0.36      2     A
6 6 0.29      2     A
> df <read.cvs(PATH)
Error in read.cvs(PATH) : could not find function "read.cvs"
> df<- read.csv(PATH)
> #Apply the ANOVA test function 
> anova_one_way<- aov(time-poison,data=df)
Error: object 'poison' not found
> df<- read.csv(PATH)
> 
> anova_one_way<- aov(time-poison,data=df)
Error: object 'poison' not found
> > df<- read.csv(PATH)
Error: unexpected '>' in ">"
> 
> anova_one_way<- aov(time~poison,data=df)
> 
> anova_one_way
Call:
   aov(formula = time ~ poison, data = df)

Terms:
                   poison Residuals
Sum of Squares  0.9316125 2.0734688
Deg. of Freedom         1        46

Residual standard error: 0.2123097
Estimated effects may be unbalanced
> summary(anova_one_way)
            Df Sum Sq Mean Sq F value   Pr(>F)    
poison       1 0.9316  0.9316   20.67 3.96e-05 ***
Residuals   46 2.0735  0.0451                     
---
Signif. codes:  0 ‘***’ 0.001 ‘**’ 0.01 ‘*’ 0.05 ‘.’ 0.1 ‘ ’ 1
> 